// Jest Snapshot v1, https://goo.gl/fbAQLP

exports[`BuyButton component Should renders correctly 1`] = `
<button
  className="btn"
>
  Купить
  <br />
  за  
  <span
    className="rub"
  >
    500
  </span>
</button>
`;
