// Jest Snapshot v1, https://goo.gl/fbAQLP

exports[`Filter components Should renders correctly 1`] = `
<div
  className="filter"
>
  <h3
    className="title"
  >
    ВАЛЮТА
  </h3>
  <div
    className="toggle"
  >
    <button
      className="btnDefault"
      onClick={[Function]}
    >
      RUB
    </button>
    <button
      className="btnActive"
      onClick={[Function]}
    >
      USD
    </button>
    <button
      className="btnDefault"
      onClick={[Function]}
    >
      EUR
    </button>
  </div>
  <h3
    className="title"
  >
    КОЛИЧЕСТВО ПЕРЕСАДОК
  </h3>
  <div
    className="stops"
  >
    <div
      className="wrap"
    >
      <label
        className="label"
        htmlFor="stops_0"
      >
        <input
          checked={true}
          className="checkbox"
          id="stops_0"
          onClick={[Function]}
          type="checkbox"
        />
        <span
          className="faceChecked"
        />
        БЕЗ ПЕРЕСАДОК
      </label>
      <div
        className="append"
      >
        <button
          className="uncheckOther"
          onClick={[Function]}
        >
          ТОЛЬКО
        </button>
      </div>
    </div>
    <div
      className="wrap"
    >
      <label
        className="label"
        htmlFor="stops_1"
      >
        <input
          checked={true}
          className="checkbox"
          id="stops_1"
          onClick={[Function]}
          type="checkbox"
        />
        <span
          className="faceChecked"
        />
        1 ПЕРЕСАДКА
      </label>
      <div
        className="append"
      >
        <button
          className="uncheckOther"
          onClick={[Function]}
        >
          ТОЛЬКО
        </button>
      </div>
    </div>
    <div
      className="wrap"
    >
      <label
        className="label"
        htmlFor="stops_2"
      >
        <input
          checked={true}
          className="checkbox"
          id="stops_2"
          onClick={[Function]}
          type="checkbox"
        />
        <span
          className="faceChecked"
        />
        2 ПЕРЕСАДКИ
      </label>
      <div
        className="append"
      >
        <button
          className="uncheckOther"
          onClick={[Function]}
        >
          ТОЛЬКО
        </button>
      </div>
    </div>
    <div
      className="wrap"
    >
      <label
        className="label"
        htmlFor="stops_3"
      >
        <input
          checked={true}
          className="checkbox"
          id="stops_3"
          onClick={[Function]}
          type="checkbox"
        />
        <span
          className="faceChecked"
        />
        3 ПЕРЕСАДКИ
      </label>
      <div
        className="append"
      >
        <button
          className="uncheckOther"
          onClick={[Function]}
        >
          ТОЛЬКО
        </button>
      </div>
    </div>
  </div>
</div>
`;
